core_cm33.h:2127:22:__NVIC_EnableIRQ	16	static
fsl_clock.h:722:20:CLOCK_EnableClock	24	static
fsl_clock.h:732:20:CLOCK_DisableClock	24	static
fsl_common.h:484:28:EnableIRQ	16	static
fsl_hashcrypt.c:101:13:ctrIncrement	24	static
fsl_hashcrypt.c:135:24:hashcrypt_get_word_from_unaligned	16	static
fsl_hashcrypt.c:181:17:hashcrypt_get_key_from_unaligned_src	40	static
fsl_hashcrypt.c:240:22:hashcrypt_load_data	64	static
fsl_hashcrypt.c:281:17:hashcrypt_check_need_key	24	static
fsl_hashcrypt.c:315:13:hashcrypt_get_data	64	static
fsl_hashcrypt.c:343:13:hashcrypt_engine_init	16	static
fsl_hashcrypt.c:358:13:hashcrypt_aes_load_userKey	24	static
fsl_hashcrypt.c:394:17:hashcrypt_aes_one_block	328	static
fsl_hashcrypt.c:469:17:hashcrypt_sha_check_input_alg	16	static
fsl_hashcrypt.c:489:17:hashcrypt_sha_check_input_args	24	static
fsl_hashcrypt.c:513:17:hashcrypt_sha_check_context	16	static
fsl_hashcrypt.c:531:13:hashcrypt_sha_one_block	96	static
fsl_hashcrypt.c:568:17:hashcrypt_sha_process_message_data	40	static
fsl_hashcrypt.c:630:17:hashcrypt_sha_finalize	96	static
fsl_hashcrypt.c:671:13:hashcrypt_save_running_hash	16	static
fsl_hashcrypt.c:689:13:hashcrypt_restore_running_hash	16	static
fsl_hashcrypt.c:709:10:HASHCRYPT_SHA	120	static
fsl_hashcrypt.c:736:10:HASHCRYPT_SHA_Init	32	static
fsl_hashcrypt.c:765:10:HASHCRYPT_SHA_Update	40	static
fsl_hashcrypt.c:816:10:HASHCRYPT_SHA_Finish	40	static
fsl_hashcrypt.c:893:6:HASHCRYPT_SHA_SetCallback	32	static
fsl_hashcrypt.c:908:10:HASHCRYPT_SHA_UpdateNonBlocking	48	static
fsl_hashcrypt.c:976:10:HASHCRYPT_AES_SetKey	32	static
fsl_hashcrypt.c:1018:10:HASHCRYPT_AES_EncryptEcb	32	static
fsl_hashcrypt.c:1054:10:HASHCRYPT_AES_DecryptEcb	32	static
fsl_hashcrypt.c:1090:10:HASHCRYPT_AES_EncryptCbc	32	static
fsl_hashcrypt.c:1133:10:HASHCRYPT_AES_DecryptCbc	32	static
fsl_hashcrypt.c:1176:10:HASHCRYPT_AES_CryptCtr	64	static
fsl_hashcrypt.c:1275:6:HASHCRYPT_DriverIRQHandler	32	static
fsl_hashcrypt.c:1319:6:HASHCRYPT_Init	16	static
fsl_hashcrypt.c:1327:6:HASHCRYPT_Deinit	16	static
