fsl_usart_cmsis.c:115:16:USART_CommonControl	48	static
fsl_usart_cmsis.c:206:27:USARTx_GetVersion	16	static
fsl_usart_cmsis.c:211:31:USARTx_GetCapabilities	4	static
fsl_usart_cmsis.c:216:16:USARTx_SetModemControl	16	static
fsl_usart_cmsis.c:221:31:USARTx_GetModemStatus	16	static
fsl_usart_cmsis.c:483:6:KSDK_USART_NonBlockingCallback	32	static
fsl_usart_cmsis.c:503:16:USART_NonBlockingInitialize	16	static
fsl_usart_cmsis.c:515:16:USART_NonBlockingUninitialize	16	static
fsl_usart_cmsis.c:521:16:USART_NonBlockingPowerControl	40	static
fsl_usart_cmsis.c:566:16:USART_NonBlockingSend	40	static
fsl_usart_cmsis.c:596:16:USART_NonBlockingReceive	40	static
fsl_usart_cmsis.c:626:16:USART_NonBlockingTransfer	24	static
fsl_usart_cmsis.c:635:17:USART_NonBlockingGetTxCount	24	static
fsl_usart_cmsis.c:652:17:USART_NonBlockingGetRxCount	24	static
fsl_usart_cmsis.c:668:16:USART_NonBlockingControl	24	static
fsl_usart_cmsis.c:705:25:USART_NonBlockingGetStatus	24	static
fsl_usart_cmsis.c:834:16:USART0_NonBlockingInitialize	16	static
fsl_usart_cmsis.c:840:16:USART0_NonBlockingUninitialize	8	static
fsl_usart_cmsis.c:846:16:USART0_NonBlockingPowerControl	24	static
fsl_usart_cmsis.c:861:16:USART0_NonBlockingSend	16	static
fsl_usart_cmsis.c:866:16:USART0_NonBlockingReceive	16	static
fsl_usart_cmsis.c:871:16:USART0_NonBlockingTransfer	24	static
fsl_usart_cmsis.c:876:17:USART0_NonBlockingGetTxCount	8	static
fsl_usart_cmsis.c:881:17:USART0_NonBlockingGetRxCount	8	static
fsl_usart_cmsis.c:886:16:USART0_NonBlockingControl	24	static
fsl_usart_cmsis.c:903:25:USART0_NonBlockingGetStatus	8	static
fsl_usart_cmsis.c:1036:16:USART1_NonBlockingInitialize	16	static
fsl_usart_cmsis.c:1042:16:USART1_NonBlockingUninitialize	8	static
fsl_usart_cmsis.c:1048:16:USART1_NonBlockingPowerControl	24	static
fsl_usart_cmsis.c:1063:16:USART1_NonBlockingSend	16	static
fsl_usart_cmsis.c:1068:16:USART1_NonBlockingReceive	16	static
fsl_usart_cmsis.c:1073:16:USART1_NonBlockingTransfer	24	static
fsl_usart_cmsis.c:1078:17:USART1_NonBlockingGetTxCount	8	static
fsl_usart_cmsis.c:1083:17:USART1_NonBlockingGetRxCount	8	static
fsl_usart_cmsis.c:1088:16:USART1_NonBlockingControl	24	static
fsl_usart_cmsis.c:1105:25:USART1_NonBlockingGetStatus	8	static
