fsl_power.h:355:20:POWER_SetBodVbatLevel	16	static
fsl_puf.h:289:20:PUF_BlockEnroll	16	static
cmsis_usart_interrupt_transfer.c:119:10:USART0_GetFreq	8	static
cmsis_usart_interrupt_transfer.c:123:10:USART1_GetFreq	8	static
cmsis_usart_interrupt_transfer.c:127:10:USART2_GetFreq	8	static
cmsis_usart_interrupt_transfer.c:131:10:USART3_GetFreq	8	static
cmsis_usart_interrupt_transfer.c:135:10:USART4_GetFreq	8	static
cmsis_usart_interrupt_transfer.c:139:10:USART5_GetFreq	8	static
cmsis_usart_interrupt_transfer.c:143:10:USART6_GetFreq	8	static
cmsis_usart_interrupt_transfer.c:147:10:USART7_GetFreq	8	static
cmsis_usart_interrupt_transfer.c:151:10:USART8_GetFreq	8	static
cmsis_usart_interrupt_transfer.c:157:6:USART_Callback	16	static
cmsis_usart_interrupt_transfer.c:163:5:len_str	24	static
cmsis_usart_interrupt_transfer.c:170:5:find_str	40	static
cmsis_usart_interrupt_transfer.c:204:6:str_empty	24	static
cmsis_usart_interrupt_transfer.c:215:6:PrintMem	32	static
cmsis_usart_interrupt_transfer.c:228:5:esp_at_cmd	40	static
cmsis_usart_interrupt_transfer.c:257:6:verify_status	24	static
cmsis_usart_interrupt_transfer.c:284:6:esp_check	8	static
cmsis_usart_interrupt_transfer.c:291:6:esp_reset	8	static
cmsis_usart_interrupt_transfer.c:295:6:esp_setMode	8	static
cmsis_usart_interrupt_transfer.c:300:6:esp_connectWifi	8	static
cmsis_usart_interrupt_transfer.c:306:6:esp_setSSLBuffer	8	static
cmsis_usart_interrupt_transfer.c:311:6:esp_conTxMode	8	static
cmsis_usart_interrupt_transfer.c:315:6:esp_connectServer	8	static
cmsis_usart_interrupt_transfer.c:321:6:esp_sendDataLength	8	static
cmsis_usart_interrupt_transfer.c:325:6:esp_sendRequest	8	static
cmsis_usart_interrupt_transfer.c:329:6:esp_disconnect	8	static
cmsis_usart_interrupt_transfer.c:333:6:Flash_StoreAC	2024	static
cmsis_usart_interrupt_transfer.c:360:10:Flash_StoreKC	2032	static
cmsis_usart_interrupt_transfer.c:389:6:Flash_ReadAC	16	static
cmsis_usart_interrupt_transfer.c:394:6:InitPuf	16	static
cmsis_usart_interrupt_transfer.c:405:6:BlockEnroll	8	static
cmsis_usart_interrupt_transfer.c:412:6:EnrolPuf	1200	static
cmsis_usart_interrupt_transfer.c:464:6:StartPuf	16	static
cmsis_usart_interrupt_transfer.c:508:10:PUFfunc	16	static
cmsis_usart_interrupt_transfer.c:519:5:main	112	static
